// Jest Snapshot v1, https://goo.gl/fbAQLP

exports[`SubToolbar renders correctly 1`] = `
<div
  className="zui-panel-header "
>
  <div
    className="zui-panel-header-title"
    style={
      Object {
        "marginLeft": "16px",
      }
    }
  >
    some-name
  </div>
  <div
    className="zui-panel-header__actions"
  >
    <div />
    <div />
  </div>
</div>
`;
